------------------------------------------------------------
Timing Analyzer Summary
------------------------------------------------------------

Type  : Slow 1200mV 85C Model Setup 'Clk'
Slack : -9.563
TNS   : -1922.515

Type  : Slow 1200mV 85C Model Hold 'Clk'
Slack : 0.341
TNS   : 0.000

Type  : Slow 1200mV 85C Model Recovery 'Clk'
Slack : -1.063
TNS   : -9.084

Type  : Slow 1200mV 85C Model Removal 'Clk'
Slack : 0.744
TNS   : 0.000

Type  : Slow 1200mV 85C Model Minimum Pulse Width 'Clk'
Slack : -3.000
TNS   : -438.535

Type  : Slow 1200mV 0C Model Setup 'Clk'
Slack : -8.690
TNS   : -1747.150

Type  : Slow 1200mV 0C Model Hold 'Clk'
Slack : 0.305
TNS   : 0.000

Type  : Slow 1200mV 0C Model Recovery 'Clk'
Slack : -0.886
TNS   : -7.004

Type  : Slow 1200mV 0C Model Removal 'Clk'
Slack : 0.682
TNS   : 0.000

Type  : Slow 1200mV 0C Model Minimum Pulse Width 'Clk'
Slack : -3.000
TNS   : -436.399

Type  : Fast 1200mV 0C Model Setup 'Clk'
Slack : -3.527
TNS   : -671.038

Type  : Fast 1200mV 0C Model Hold 'Clk'
Slack : 0.148
TNS   : 0.000

Type  : Fast 1200mV 0C Model Recovery 'Clk'
Slack : 0.089
TNS   : 0.000

Type  : Fast 1200mV 0C Model Removal 'Clk'
Slack : 0.342
TNS   : 0.000

Type  : Fast 1200mV 0C Model Minimum Pulse Width 'Clk'
Slack : -3.000
TNS   : -311.631

------------------------------------------------------------
